MIF/HEX Update report for AP9
Fri Jun 08 15:35:03 2018
Quartus II 64-Bit Version 14.1.0 Build 186 12/03/2014 SJ Web Edition


---------------------
; Table of Contents ;
---------------------
  1. Legal Notice
  2. MIF/HEX Update Summary
  3. MIF/HEX Update Processed Files
  4. MIF/HEX Update Messages



----------------
; Legal Notice ;
----------------
Copyright (C) 1991-2014 Altera Corporation. All rights reserved.
Your use of Altera Corporation's design tools, logic functions 
and other software and tools, and its AMPP partner logic 
functions, and any output files from any of the foregoing 
(including device programming or simulation files), and any 
associated documentation or information are expressly subject 
to the terms and conditions of the Altera Program License 
Subscription Agreement, the Altera Quartus II License Agreement,
the Altera MegaCore Function License Agreement, or other 
applicable license agreement, including, without limitation, 
that your use is for the sole purpose of programming logic 
devices manufactured by Altera and sold by Altera or its 
authorized distributors.  Please refer to the applicable 
agreement for further details.



+---------------------------------------------------------------+
; MIF/HEX Update Summary                                        ;
+-----------------------+---------------------------------------+
; MIF/HEX Update Status ; Successful - Fri Jun 08 15:35:03 2018 ;
; Revision Name         ; AP9                                   ;
; Top-level Entity Name ; AP9                                   ;
; Family                ; Cyclone V                             ;
; Device                ; 5CEBA4F23C7                           ;
+-----------------------+---------------------------------------+


+--------------------------------------+
; MIF/HEX Update Processed Files       ;
+--------------------------------------+
; File Name                            ;
+--------------------------------------+
; Z:/Lab OrgComp/DE0_CV/charmap.mif    ;
; Z:/Lab OrgComp/DE0_CV/cpuram.mif     ;
; Z:/Lab OrgComp/DE0_CV/video_mem1.mif ;
; Z:/Lab OrgComp/DE0_CV/video_mem2.mif ;
+--------------------------------------+


+-------------------------+
; MIF/HEX Update Messages ;
+-------------------------+
Info: *******************************************************************
Info: Running Quartus II 64-Bit MIF/HEX Update
    Info: Version 14.1.0 Build 186 12/03/2014 SJ Web Edition
    Info: Processing started: Fri Jun 08 15:34:56 2018
Info: Command: quartus_cdb AP9 -c AP9 --update_mif
Info (39024): Processed the following Memory Initialization File(s)
    Info (39025): Processed Memory Initialization File Z:/Lab OrgComp/DE0_CV/charmap.mif
    Info (39025): Processed Memory Initialization File Z:/Lab OrgComp/DE0_CV/cpuram.mif
    Info (39025): Processed Memory Initialization File Z:/Lab OrgComp/DE0_CV/video_mem1.mif
    Info (39025): Processed Memory Initialization File Z:/Lab OrgComp/DE0_CV/video_mem2.mif
Info: Quartus II 64-Bit MIF/HEX Update was successful. 0 errors, 0 warnings
    Info: Peak virtual memory: 4903 megabytes
    Info: Processing ended: Fri Jun 08 15:35:03 2018
    Info: Elapsed time: 00:00:07
    Info: Total CPU time (on all processors): 00:00:07


